// Vitest Snapshot v1

exports[`MoodSelector.svelte > mounts 1`] = `"<div><div class=\\"svelte-78a4lf\\"><button class=\\"round large svelte-114d4g7\\" type=\\"button\\">😃</button><button class=\\"round large svelte-114d4g7\\" type=\\"button\\">🙂</button><button class=\\"round large svelte-114d4g7\\" type=\\"button\\">😐</button><button class=\\"round large svelte-114d4g7\\" type=\\"button\\">🙁</button><button class=\\"round large svelte-114d4g7\\" type=\\"button\\">😭</button></div></div>"`;
